Microchip MPLAB XC8 Compiler V2.32

Linker command line:

-W-3 --edf=C:\Program Files\Microchip\xc8\v2.32\pic\dat\en_msgs.txt -cn \
  -h+dist/default/debug\MPU6050Sample.X.debug.sym \
  --cmf=dist/default/debug\MPU6050Sample.X.debug.cmf -z -Q16F887 \
  -oC:\Users\Yeifer\AppData\Local\Temp\xcAs4vk.4 --defsym=__MPLAB_BUILD=1 \
  -Mdist/default/debug/MPU6050Sample.X.debug.map -E1 -ver=XC8 Compiler \
  --acfsm=1493 -ASTACK=0110h-016Fh -pstack=STACK \
  -ACODE=00h-07FFhx3,01800h-01EFFh,01FFFh-01FFFh \
  -ASTRCODE=00h-01EFFh,01FFFh-01FFFh -ASTRING=00h-0FFhx31,01FFFh-01FFFh \
  -ACONST=00h-0FFhx31,01FFFh-01FFFh -AENTRY=00h-0FFhx31,01FFFh-01FFFh \
  -ACOMMON=071h-07Fh -ABANK0=020h-06Fh -ABANK1=0A0h-0EFh \
  -ABANK2=0110h-016Fh -ABANK3=0190h-01E4h \
  -ARAM=020h-06Fh,0A0h-0EFh,0110h-016Fh,0190h-01E4h \
  -AABS1=020h-07Fh,0A0h-0EFh,0110h-016Fh,0190h-01EFh -ASFR0=00h-01Fh \
  -ASFR1=080h-09Fh -ASFR2=0100h-010Fh -ASFR3=0180h-018Fh \
  -ACONFIG=02007h-02008h -DCONFIG=2 -AIDLOC=02000h-02003h -DIDLOC=2 \
  -AEEDATA=00h-0FFh/02100h -peeprom_data=EEDATA -DEEDATA=2 -DCODE=2 \
  -DSTRCODE=2 -DSTRING=2 -DCONST=2 -DENTRY=2 \
  -preset_vec=00h,intentry,init,end_init -ppowerup=CODE -pcinit=CODE \
  -pfunctab=ENTRY -k C:\Users\Yeifer\AppData\Local\Temp\xcAs4vk.o \
  dist/default/debug\MPU6050Sample.X.debug.o 

Object code version is 3.11

Machine type is 16F887



                Name                               Link     Load   Length Selector   Space Scale
C:\Users\Yeifer\AppData\Local\Temp\xcAs4vk.o
                end_init                              1        1        3        0       0
                reset_vec                             0        0        1        0       0
                config                             2007     2007        2        0       4
dist/default/debug\MPU6050Sample.X.debug.o
                cinit                               7FA      7FA        6      FF4       0
                config                             2007     2007        2        0       4
                text11                              6F1      6F1       2A      DE2       0
                text10                              65F      65F        8      CBE       0
                text9                               687      687       14      D0E       0
                text8                               69B      69B       1A      D36       0
                text7                               679      679        E      CF2       0
                text6                               6B5      6B5       1C      D6A       0
                text5                               74A      74A       33      E94       0
                text4                               667      667        9      CCE       0
                text3                               670      670        9      CE0       0
                text2                               6D1      6D1       20      DA2       0
                text1                               71B      71B       2F      E36       0
                maintext                            77D      77D       7D      EFA       0
                cstackCOMMON                         71       71        9       71       1
                bssCOMMON                            7A       7A        2       71       1

TOTAL           Name                               Link     Load   Length     Space
        CLASS   STACK          

        CLASS   CODE           
                end_init                              1        1        3         0
                cinit                               7FA      7FA        6         0
                reset_vec                             0        0        1         0
                text11                              6F1      6F1       2A         0
                text10                              65F      65F        8         0
                text9                               687      687       14         0
                text8                               69B      69B       1A         0
                text7                               679      679        E         0
                text6                               6B5      6B5       1C         0
                text5                               74A      74A       33         0
                text4                               667      667        9         0
                text3                               670      670        9         0
                text2                               6D1      6D1       20         0
                text1                               71B      71B       2F         0
                maintext                            77D      77D       7D         0

        CLASS   STRCODE        

        CLASS   STRING         

        CLASS   CONST          

        CLASS   ENTRY          

        CLASS   COMMON         
                cstackCOMMON                         71       71        9         1
                bssCOMMON                            7A       7A        2         1

        CLASS   BANK0          

        CLASS   BANK1          

        CLASS   BANK2          

        CLASS   BANK3          

        CLASS   RAM            

        CLASS   ABS1           
                abs_s1                               7E       7E        2         1

        CLASS   SFR0           

        CLASS   SFR1           

        CLASS   SFR2           

        CLASS   SFR3           

        CLASS   CONFIG         
                config                             2007     2007        2         4

        CLASS   IDLOC          

        CLASS   EEDATA         



SEGMENTS        Name                           Load    Length   Top    Selector   Space  Class     Delta

                reset_vec                      000000  000004  000004         0       0  CODE        2
                cstackCOMMON                   000071  00000B  00007C        71       1  COMMON      1
                text10                         00065F  000008  000667       CBE       0  CODE        2
                text4                          000667  000009  000670       CCE       0  CODE        2
                text3                          000670  000009  000679       CE0       0  CODE        2
                text7                          000679  00000E  000687       CF2       0  CODE        2
                text9                          000687  000014  00069B       D0E       0  CODE        2
                text8                          00069B  00001A  0006B5       D36       0  CODE        2
                text6                          0006B5  00001C  0006D1       D6A       0  CODE        2
                text2                          0006D1  000020  0006F1       DA2       0  CODE        2
                text11                         0006F1  00002A  00071B       DE2       0  CODE        2
                text1                          00071B  00002F  00074A       E36       0  CODE        2
                text5                          00074A  000033  00077D       E94       0  CODE        2
                maintext                       00077D  00007D  0007FA       EFA       0  CODE        2
                cinit                          0007FA  000006  000800       FF4       0  CODE        2


UNUSED ADDRESS RANGES

        Name                Unused          Largest block    Delta
        BANK0            0020-006F             50           1
        BANK1            00A0-00EF             50           1
        BANK2            0110-016F             60           1
        BANK3            0190-01E4             55           1
        CODE             0004-065E            65B           2
                         0800-1EFF            800
                         1FFF-1FFF              1
        COMMON           007C-007D              2           1
        CONST            0004-065E            100           2
                         0800-1EFF            100
                         1FFF-1FFF              1
        EEDATA           2100-21FF            100           2
        ENTRY            0004-065E            100           2
                         0800-1EFF            100
                         1FFF-1FFF              1
        IDLOC            2000-2003              4           2
        RAM              0020-006F             50           1
                         00A0-00EF             50
                         0110-016F             60
                         0190-01E4             55
        SFR0             0000-001F             20           1
        SFR1             0080-009F             20           1
        SFR2             0100-010F             10           1
        SFR3             0180-018F             10           1
        STACK            0110-016F             60           1
        STRCODE          0004-065E            65B           2
                         0800-1EFF           1700
                         1FFF-1FFF              1
        STRING           0004-065E            100           2
                         0800-1EFF            100
                         1FFF-1FFF              1

                                  Symbol Table

I2C_Init@mode                  cstackCOMMON 0071
I2C_Read@buffer                cstackCOMMON 0073
I2C_Read@mode                  cstackCOMMON 0072
I2C_Start@address              cstackCOMMON 0072
I2C_Write@data                 cstackCOMMON 0071
MPU6050_ReadRegister@reg       cstackCOMMON 0075
MPU6050_ReadRegister@result    cstackCOMMON 0076
MPU6050_SetRegister@reg        cstackCOMMON 0075
MPU6050_SetRegister@value      cstackCOMMON 0073
_ACKSTAT                       (abs)        048E
_I2C_Ack                       text4        0667
_I2C_Init                      text11       06F1
_I2C_Nack                      text3        0670
_I2C_Read                      text2        06D1
_I2C_Start                     text8        069B
_I2C_Stop                      text7        0679
_I2C_Wait                      text10       065F
_I2C_Write                     text9        0687
_MPU6050_Init                  text5        074A
_MPU6050_ReadRegister          text1        071B
_MPU6050_SetRegister           text6        06B5
_SSPADD                        (abs)        0093
_SSPBUF                        (abs)        0013
_SSPCON2                       (abs)        0091
_SSPCON2bits                   (abs)        0091
_SSPCONbits                    (abs)        0014
_SSPIE                         (abs)        0463
_SSPIF                         (abs)        0063
_SSPSTAT                       (abs)        0094
_SSPSTATbits                   (abs)        0094
_TRISCbits                     (abs)        0087
__Habs1                        abs1         0000
__Hbank0                       bank0        0000
__Hbank1                       bank1        0000
__Hbank2                       bank2        0000
__Hbank3                       bank3        0000
__HbssCOMMON                   bssCOMMON    0000
__Hcinit                       cinit        0800
__Hclrtext                     clrtext      0000
__Hcode                        code         0000
__Hcommon                      common       0000
__Hconfig                      config       2009
__HcstackCOMMON                cstackCOMMON 0000
__Heeprom_data                 eeprom_data  0000
__Hend_init                    end_init     0004
__Hfunctab                     functab      0000
__Hinit                        init         0001
__Hintentry                    intentry     0001
__Hmaintext                    maintext     0000
__Hpowerup                     powerup      0000
__Hram                         ram          0000
__Hreset_vec                   reset_vec    0001
__Hsfr0                        sfr0         0000
__Hsfr1                        sfr1         0000
__Hsfr2                        sfr2         0000
__Hsfr3                        sfr3         0000
__Hspace_0                     (abs)        0800
__Hspace_1                     (abs)        007C
__Hspace_2                     (abs)        0000
__Hspace_3                     (abs)        0000
__Hspace_4                     (abs)        4010
__Hstack                       stack        0000
__Hstrings                     strings      0000
__Htext                        text         0000
__Labs1                        abs1         0000
__Lbank0                       bank0        0000
__Lbank1                       bank1        0000
__Lbank2                       bank2        0000
__Lbank3                       bank3        0000
__LbssCOMMON                   bssCOMMON    0000
__Lcinit                       cinit        07FA
__Lclrtext                     clrtext      0000
__Lcode                        code         0000
__Lcommon                      common       0000
__Lconfig                      config       0000
__LcstackCOMMON                cstackCOMMON 0000
__Leeprom_data                 eeprom_data  0000
__Lend_init                    end_init     0001
__Lfunctab                     functab      0000
__Linit                        init         0001
__Lintentry                    intentry     0001
__Lmaintext                    maintext     0000
__Lpowerup                     powerup      0000
__Lram                         ram          0000
__Lreset_vec                   reset_vec    0000
__Lsfr0                        sfr0         0000
__Lsfr1                        sfr1         0000
__Lsfr2                        sfr2         0000
__Lsfr3                        sfr3         0000
__Lspace_0                     (abs)        0000
__Lspace_1                     (abs)        0000
__Lspace_2                     (abs)        0000
__Lspace_3                     (abs)        0000
__Lspace_4                     (abs)        0000
__Lstack                       stack        0000
__Lstrings                     strings      0000
__Ltext                        text         0000
__S0                           (abs)        0800
__S1                           (abs)        007C
__S2                           (abs)        0000
__S3                           (abs)        0000
___int_sp                      stack        0000
___latbits                     (abs)        0002
___sp                          stack        0000
___stackhi                     (abs)        0000
___stacklo                     (abs)        0000
__end_of_I2C_Ack               text4        0670
__end_of_I2C_Init              text11       071B
__end_of_I2C_Nack              text3        0679
__end_of_I2C_Read              text2        06F1
__end_of_I2C_Start             text8        06B5
__end_of_I2C_Stop              text7        0687
__end_of_I2C_Wait              text10       0667
__end_of_I2C_Write             text9        069B
__end_of_MPU6050_Init          text5        077D
__end_of_MPU6050_ReadRegister  text1        074A
__end_of_MPU6050_SetRegister   text6        06D1
__end_of__initialization       cinit        07FC
__end_of_main                  maintext     07FA
__initialization               cinit        07FA
__pbssCOMMON                   bssCOMMON    007A
__pcstackCOMMON                cstackCOMMON 0071
__pmaintext                    maintext     077D
__ptext1                       text1        071B
__ptext10                      text10       065F
__ptext11                      text11       06F1
__ptext2                       text2        06D1
__ptext3                       text3        0670
__ptext4                       text4        0667
__ptext5                       text5        074A
__ptext6                       text6        06B5
__ptext7                       text7        0679
__ptext8                       text8        069B
__ptext9                       text9        0687
__size_of_I2C_Ack              (abs)        0000
__size_of_I2C_Init             (abs)        0000
__size_of_I2C_Nack             (abs)        0000
__size_of_I2C_Read             (abs)        0000
__size_of_I2C_Start            (abs)        0000
__size_of_I2C_Stop             (abs)        0000
__size_of_I2C_Wait             (abs)        0000
__size_of_I2C_Write            (abs)        0000
__size_of_MPU6050_Init         (abs)        0000
__size_of_MPU6050_ReadRegister (abs)        0000
__size_of_MPU6050_SetRegister  (abs)        0000
__size_of_main                 (abs)        0000
_data                          bssCOMMON    007B
_error                         bssCOMMON    007A
_main                          maintext     077D
btemp                          (abs)        007E
end_of_initialization          cinit        07FC
intlevel0                      functab      0000
intlevel1                      functab      0000
intlevel2                      functab      0000
intlevel3                      functab      0000
intlevel4                      functab      0000
intlevel5                      functab      0000
reset_vec                      reset_vec    0000
start                          init         0001
start_initialization           cinit        07FA
wtemp0                         (abs)        007E


MODULE INFORMATION

Module		Function		Class		Link	Load	Size
shared
		__initialization		CODE           	07FA	0000	2

shared estimated size: 2

./i2c.h
		_I2C_Write     		CODE           	0687	0000	20
		_I2C_Stop      		CODE           	0679	0000	14
		_I2C_Wait      		CODE           	065F	0000	8
		_I2C_Read      		CODE           	06D1	0000	32
		_I2C_Init      		CODE           	06F1	0000	42
		_I2C_Ack       		CODE           	0667	0000	9
		_I2C_Nack      		CODE           	0670	0000	9
		_I2C_Start     		CODE           	069B	0000	26

./i2c.h estimated size: 160

main.c
		_main          		CODE           	077D	0000	125
		_MPU6050_ReadRegister		CODE           	071B	0000	47
		_MPU6050_Init  		CODE           	074A	0000	51
		_MPU6050_SetRegister		CODE           	06B5	0000	28

main.c estimated size: 251

