Microchip MPLAB XC8 Compiler V2.32

Linker command line:

-W-3 --edf=/opt/microchip/xc8/v2.32/pic/dat/en_msgs.txt -cn \
  -h+dist/default/debug/MPU6050Sample.X.debug.sym \
  --cmf=dist/default/debug/MPU6050Sample.X.debug.cmf -z -Q16F887 \
  -o/tmp/xcXNaoGHm --defsym=__MPLAB_BUILD=1 \
  -Mdist/default/debug/MPU6050Sample.X.debug.map -E1 -ver=XC8 Compiler \
  --acfsm=1493 -ASTACK=0110h-016Fh -pstack=STACK \
  -ACODE=00h-07FFhx3,01800h-01EFFh,01FFFh-01FFFh \
  -ASTRCODE=00h-01EFFh,01FFFh-01FFFh -ASTRING=00h-0FFhx31,01FFFh-01FFFh \
  -ACONST=00h-0FFhx31,01FFFh-01FFFh -AENTRY=00h-0FFhx31,01FFFh-01FFFh \
  -ACOMMON=071h-07Fh -ABANK0=020h-06Fh -ABANK1=0A0h-0EFh \
  -ABANK2=0110h-016Fh -ABANK3=0190h-01E4h \
  -ARAM=020h-06Fh,0A0h-0EFh,0110h-016Fh,0190h-01E4h \
  -AABS1=020h-07Fh,0A0h-0EFh,0110h-016Fh,0190h-01EFh -ASFR0=00h-01Fh \
  -ASFR1=080h-09Fh -ASFR2=0100h-010Fh -ASFR3=0180h-018Fh \
  -ACONFIG=02007h-02008h -DCONFIG=2 -AIDLOC=02000h-02003h -DIDLOC=2 \
  -AEEDATA=00h-0FFh/02100h -peeprom_data=EEDATA -DEEDATA=2 -DCODE=2 \
  -DSTRCODE=2 -DSTRING=2 -DCONST=2 -DENTRY=2 \
  -preset_vec=00h,intentry,init,end_init -ppowerup=CODE -pcinit=CODE \
  -pfunctab=ENTRY -k /tmp/xcXKJdeIk.o \
  dist/default/debug/MPU6050Sample.X.debug.o 

Object code version is 3.11

Machine type is 16F887



                Name                               Link     Load   Length Selector   Space Scale
/tmp/xcXKJdeIk.o
                end_init                              1        1        3        0       0
                reset_vec                             0        0        1        0       0
                config                             2007     2007        2        0       4
dist/default/debug/MPU6050Sample.X.debug.o
                cinit                               7EA      7EA       16      FD4       0
                config                             2007     2007        2        0       4
                text11                              601      601       18      C02       0
                text10                              6D1      6D1       39      DA2       0
                text9                               619      619       18      C32       0
                text8                               5C7      5C7        8      B8E       0
                text7                               674      674       2A      CE8       0
                text6                               5CF      5CF        8      B9E       0
                text5                               5ED      5ED       14      BDA       0
                text4                               631      631       1A      C62       0
                text3                               5DF      5DF        E      BBE       0
                text2                               64B      64B       29      C96       0
                text1                               69E      69E       33      D3C       0
                maintext                            70A      70A       E0      E14       0
                cstackCOMMON                         71       71        A       71       1
                clrtext                             5D7      5D7        8      BAE       0
                dataBANK0                            3C       3C        1       20       1
                bssBANK0                             20       20       1C       20       1
                bssCOMMON                            7B       7B        3       71       1
                idataBANK0                          5C6      5C6        1      B8C       0

TOTAL           Name                               Link     Load   Length     Space
        CLASS   STACK          

        CLASS   CODE           
                end_init                              1        1        3         0
                cinit                               7EA      7EA       16         0
                reset_vec                             0        0        1         0
                text11                              601      601       18         0
                text10                              6D1      6D1       39         0
                text9                               619      619       18         0
                text8                               5C7      5C7        8         0
                text7                               674      674       2A         0
                text6                               5CF      5CF        8         0
                text5                               5ED      5ED       14         0
                text4                               631      631       1A         0
                text3                               5DF      5DF        E         0
                text2                               64B      64B       29         0
                text1                               69E      69E       33         0
                maintext                            70A      70A       E0         0
                clrtext                             5D7      5D7        8         0
                idataBANK0                          5C6      5C6        1         0

        CLASS   STRCODE        

        CLASS   STRING         

        CLASS   CONST          

        CLASS   ENTRY          

        CLASS   COMMON         
                cstackCOMMON                         71       71        A         1
                bssCOMMON                            7B       7B        3         1

        CLASS   BANK0          
                dataBANK0                            3C       3C        1         1
                bssBANK0                             20       20       1C         1

        CLASS   BANK1          

        CLASS   BANK2          

        CLASS   BANK3          

        CLASS   RAM            

        CLASS   ABS1           
                abs_s1                               7E       7E        2         1

        CLASS   SFR0           

        CLASS   SFR1           

        CLASS   SFR2           

        CLASS   SFR3           

        CLASS   CONFIG         
                config                             2007     2007        2         4

        CLASS   IDLOC          

        CLASS   EEDATA         



SEGMENTS        Name                           Load    Length   Top    Selector   Space  Class     Delta

                text3                          0005DF  00000E  0005ED       BBE       0  CODE        2
                text5                          0005ED  000014  000601       BDA       0  CODE        2
                text9                          000619  000018  000631       C32       0  CODE        2
                text11                         000601  000018  000619       C02       0  CODE        2
                reset_vec                      000000  000004  000004         0       0  CODE        2
                clrtext                        0005D7  000008  0005DF       BAE       0  CODE        2
                text4                          000631  00001A  00064B       C62       0  CODE        2
                text2                          00064B  000029  000674       C96       0  CODE        2
                text8                          0005C7  000008  0005CF       B8E       0  CODE        2
                idataBANK0                     0005C6  000001  0005C7       B8C       0  CODE        2
                text6                          0005CF  000008  0005D7       B9E       0  CODE        2
                bssBANK0                       000020  00001D  00003D        20       1  BANK0       1
                cinit                          0007EA  000016  000800       FD4       0  CODE        2
                cstackCOMMON                   000071  00000D  00007E        71       1  COMMON      1
                text1                          00069E  000033  0006D1       D3C       0  CODE        2
                text7                          000674  00002A  00069E       CE8       0  CODE        2
                text10                         0006D1  000039  00070A       DA2       0  CODE        2
                maintext                       00070A  0000E0  0007EA       E14       0  CODE        2


UNUSED ADDRESS RANGES

        Name                Unused          Largest block    Delta
        BANK0            003D-006F             33           1
        BANK1            00A0-00EF             50           1
        BANK2            0110-016F             60           1
        BANK3            0190-01E4             55           1
        CODE             0004-05C5            5C2           2
                         0800-1EFF            800
                         1FFF-1FFF              1
        CONST            0004-05C5            100           2
                         0800-1EFF            100
                         1FFF-1FFF              1
        EEDATA           2100-21FF            100           2
        ENTRY            0004-05C5            100           2
                         0800-1EFF            100
                         1FFF-1FFF              1
        IDLOC            2000-2003              4           2
        RAM              003D-006F             33           1
                         00A0-00EF             50
                         0110-016F             60
                         0190-01E4             55
        SFR0             0000-001F             20           1
        SFR1             0080-009F             20           1
        SFR2             0100-010F             10           1
        SFR3             0180-018F             10           1
        STACK            0110-016F             60           1
        STRCODE          0004-05C5            5C2           2
                         0800-1EFF           1700
                         1FFF-1FFF              1
        STRING           0004-05C5            100           2
                         0800-1EFF            100
                         1FFF-1FFF              1

                                  Symbol Table

GLCD_SendCommand@cmd          cstackCOMMON 0073
GLCD_SendData@data            cstackCOMMON 0073
GLCD_SetDDRAM@address         cstackCOMMON 0074
I2C_Init@mode                 cstackCOMMON 0071
I2C_Start@address             cstackCOMMON 0072
I2C_Write@data                cstackCOMMON 0071
MPU6050_SetRegister@ackMode   cstackCOMMON 0076
MPU6050_SetRegister@reg       cstackCOMMON 0075
MPU6050_SetRegister@value     cstackCOMMON 0073
_ACKSTAT                      (abs)        048E
_ANSEL                        (abs)        0188
_ANSELH                       (abs)        0189
_GLCD_Init                    text10       06D1
_GLCD_SendCommand             text11       0601
_GLCD_SendData                text9        0619
_GLCD_SetDDRAM                text8        05C7
_I2C_Init                     text7        0674
_I2C_Start                    text4        0631
_I2C_Stop                     text3        05DF
_I2C_Wait                     text6        05CF
_I2C_Write                    text5        05ED
_MPU6050_Init                 text1        069E
_MPU6050_SetRegister          text2        064B
_PORTAbits                    (abs)        0005
_PORTD                        (abs)        0008
_PORTEbits                    (abs)        0009
_SSPADD                       (abs)        0093
_SSPBUF                       (abs)        0013
_SSPCON2                      (abs)        0091
_SSPCON2bits                  (abs)        0091
_SSPCONbits                   (abs)        0014
_SSPIE                        (abs)        0463
_SSPIF                        (abs)        0063
_SSPSTAT                      (abs)        0094
_SSPSTATbits                  (abs)        0094
_TRISA                        (abs)        0085
_TRISCbits                    (abs)        0087
_TRISD                        (abs)        0088
_TRISE                        (abs)        0089
__Habs1                       abs1         0000
__Hbank0                      bank0        0000
__Hbank1                      bank1        0000
__Hbank2                      bank2        0000
__Hbank3                      bank3        0000
__HbssBANK0                   bssBANK0     0000
__HbssCOMMON                  bssCOMMON    0000
__Hcinit                      cinit        0800
__Hclrtext                    clrtext      0000
__Hcode                       code         0000
__Hcommon                     common       0000
__Hconfig                     config       2009
__HcstackCOMMON               cstackCOMMON 0000
__HdataBANK0                  dataBANK0    0000
__Heeprom_data                eeprom_data  0000
__Hend_init                   end_init     0004
__Hfunctab                    functab      0000
__HidataBANK0                 idataBANK0   0000
__Hinit                       init         0001
__Hintentry                   intentry     0001
__Hmaintext                   maintext     0000
__Hpowerup                    powerup      0000
__Hram                        ram          0000
__Hreset_vec                  reset_vec    0001
__Hsfr0                       sfr0         0000
__Hsfr1                       sfr1         0000
__Hsfr2                       sfr2         0000
__Hsfr3                       sfr3         0000
__Hspace_0                    (abs)        0800
__Hspace_1                    (abs)        007E
__Hspace_2                    (abs)        0000
__Hspace_3                    (abs)        0000
__Hspace_4                    (abs)        4010
__Hstack                      stack        0000
__Hstrings                    strings      0000
__Htext                       text         0000
__Labs1                       abs1         0000
__Lbank0                      bank0        0000
__Lbank1                      bank1        0000
__Lbank2                      bank2        0000
__Lbank3                      bank3        0000
__LbssBANK0                   bssBANK0     0000
__LbssCOMMON                  bssCOMMON    0000
__Lcinit                      cinit        07EA
__Lclrtext                    clrtext      0000
__Lcode                       code         0000
__Lcommon                     common       0000
__Lconfig                     config       0000
__LcstackCOMMON               cstackCOMMON 0000
__LdataBANK0                  dataBANK0    0000
__Leeprom_data                eeprom_data  0000
__Lend_init                   end_init     0001
__Lfunctab                    functab      0000
__LidataBANK0                 idataBANK0   0000
__Linit                       init         0001
__Lintentry                   intentry     0001
__Lmaintext                   maintext     0000
__Lpowerup                    powerup      0000
__Lram                        ram          0000
__Lreset_vec                  reset_vec    0000
__Lsfr0                       sfr0         0000
__Lsfr1                       sfr1         0000
__Lsfr2                       sfr2         0000
__Lsfr3                       sfr3         0000
__Lspace_0                    (abs)        0000
__Lspace_1                    (abs)        0000
__Lspace_2                    (abs)        0000
__Lspace_3                    (abs)        0000
__Lspace_4                    (abs)        0000
__Lstack                      stack        0000
__Lstrings                    strings      0000
__Ltext                       text         0000
__S0                          (abs)        0800
__S1                          (abs)        007E
__S2                          (abs)        0000
__S3                          (abs)        0000
___int_sp                     stack        0000
___latbits                    (abs)        0002
___sp                         stack        0000
___stackhi                    (abs)        0000
___stacklo                    (abs)        0000
__end_of_GLCD_Init            text10       070A
__end_of_GLCD_SendCommand     text11       0619
__end_of_GLCD_SendData        text9        0631
__end_of_GLCD_SetDDRAM        text8        05CF
__end_of_I2C_Init             text7        069E
__end_of_I2C_Start            text4        064B
__end_of_I2C_Stop             text3        05ED
__end_of_I2C_Wait             text6        05D7
__end_of_I2C_Write            text5        0601
__end_of_MPU6050_Init         text1        06D1
__end_of_MPU6050_SetRegister  text2        0674
__end_of__initialization      cinit        07FC
__end_of_main                 maintext     07EA
__initialization              cinit        07EA
__pbssBANK0                   bssBANK0     0020
__pbssCOMMON                  bssCOMMON    007B
__pcstackCOMMON               cstackCOMMON 0071
__pdataBANK0                  dataBANK0    003C
__pidataBANK0                 idataBANK0   05C6
__pmaintext                   maintext     070A
__ptext1                      text1        069E
__ptext10                     text10       06D1
__ptext11                     text11       0601
__ptext2                      text2        064B
__ptext3                      text3        05DF
__ptext4                      text4        0631
__ptext5                      text5        05ED
__ptext6                      text6        05CF
__ptext7                      text7        0674
__ptext8                      text8        05C7
__ptext9                      text9        0619
__size_of_GLCD_Init           (abs)        0000
__size_of_GLCD_SendCommand    (abs)        0000
__size_of_GLCD_SendData       (abs)        0000
__size_of_GLCD_SetDDRAM       (abs)        0000
__size_of_I2C_Init            (abs)        0000
__size_of_I2C_Start           (abs)        0000
__size_of_I2C_Stop            (abs)        0000
__size_of_I2C_Wait            (abs)        0000
__size_of_I2C_Write           (abs)        0000
__size_of_MPU6050_Init        (abs)        0000
__size_of_MPU6050_SetRegister (abs)        0000
__size_of_main                (abs)        0000
_buffer                       bssCOMMON    007C
_index                        bssCOMMON    007B
_main                         maintext     070A
btemp                         (abs)        007E
clear_ram0                    clrtext      05D7
end_of_initialization         cinit        07FC
intlevel0                     functab      0000
intlevel1                     functab      0000
intlevel2                     functab      0000
intlevel3                     functab      0000
intlevel4                     functab      0000
intlevel5                     functab      0000
reset_vec                     reset_vec    0000
start                         init         0001
start_initialization          cinit        07EA
wtemp0                        (abs)        007E


MODULE INFORMATION

Module		Function		Class		Link	Load	Size
./MPU6050.h
		_MPU6050_Init  		CODE           	069E	0000	51
		_MPU6050_SetRegister		CODE           	064B	0000	41

./MPU6050.h estimated size: 92

shared
		__initialization		CODE           	07EA	0000	18

shared estimated size: 18

./GLCD.h
		_GLCD_Init     		CODE           	06D1	0000	57
		_GLCD_SetDDRAM 		CODE           	05C7	0000	8
		_GLCD_SendCommand		CODE           	0601	0000	24
		_GLCD_SendData 		CODE           	0619	0000	24

./GLCD.h estimated size: 113

./i2c.h
		_I2C_Write     		CODE           	05ED	0000	20
		_I2C_Stop      		CODE           	05DF	0000	14
		_I2C_Wait      		CODE           	05CF	0000	8
		_I2C_Init      		CODE           	0674	0000	42
		_I2C_Start     		CODE           	0631	0000	26

./i2c.h estimated size: 110

main.c
		_main          		CODE           	070A	0000	224

main.c estimated size: 224

