Microchip MPLAB XC8 Compiler V2.32

Linker command line:

-W-3 --edf=C:\Program Files\Microchip\xc8\v2.32\pic\dat\en_msgs.txt -cn \
  -h+dist/default/production\MPU6050Sample.X.production.sym \
  --cmf=dist/default/production\MPU6050Sample.X.production.cmf -z -Q16F887 \
  -oC:\Users\Yeifer\AppData\Local\Temp\xcAsfjo.4 --defsym=__MPLAB_BUILD=1 \
  -Mdist/default/production/MPU6050Sample.X.production.map -E1 \
  -ver=XC8 Compiler --acfsm=1493 -ASTACK=0110h-016Fh -pstack=STACK \
  -ACODE=00h-07FFhx4 -ASTRCODE=00h-01FFFh -ASTRING=00h-0FFhx32 \
  -ACONST=00h-0FFhx32 -AENTRY=00h-0FFhx32 -ACOMMON=070h-07Fh \
  -ABANK0=020h-06Fh -ABANK1=0A0h-0EFh -ABANK2=0110h-016Fh \
  -ABANK3=0190h-01EFh -ARAM=020h-06Fh,0A0h-0EFh,0110h-016Fh,0190h-01EFh \
  -AABS1=020h-07Fh,0A0h-0EFh,0110h-016Fh,0190h-01EFh -ASFR0=00h-01Fh \
  -ASFR1=080h-09Fh -ASFR2=0100h-010Fh -ASFR3=0180h-018Fh \
  -ACONFIG=02007h-02008h -DCONFIG=2 -AIDLOC=02000h-02003h -DIDLOC=2 \
  -AEEDATA=00h-0FFh/02100h -peeprom_data=EEDATA -DEEDATA=2 -DCODE=2 \
  -DSTRCODE=2 -DSTRING=2 -DCONST=2 -DENTRY=2 \
  -preset_vec=00h,intentry,init,end_init -ppowerup=CODE -pcinit=CODE \
  -pfunctab=ENTRY -k C:\Users\Yeifer\AppData\Local\Temp\xcAsfjo.o \
  dist/default/production\MPU6050Sample.X.production.o 

Object code version is 3.11

Machine type is 16F887



                Name                               Link     Load   Length Selector   Space Scale
C:\Users\Yeifer\AppData\Local\Temp\xcAsfjo.o
                end_init                              0        0        3        0       0
                config                             2007     2007        2        0       4
dist/default/production\MPU6050Sample.X.production.o
                cinit                               7FA      7FA        6      FF4       0
                config                             2007     2007        2        0       4
                text11                              744      744       2A      E88       0
                text10                              698      698        9      D30       0
                text9                               6A1      6A1        9      D42       0
                text8                               704      704       20      E08       0
                text7                               690      690        8      D20       0
                text6                               6B8      6B8       14      D70       0
                text5                               6CC      6CC       1C      D98       0
                text4                               724      724       20      E48       0
                text3                               6AA      6AA        E      D54       0
                text2                               6E8      6E8       1C      DD0       0
                text1                               76E      76E       33      EDC       0
                maintext                            7A1      7A1       59      F42       0
                cstackCOMMON                         70       70        B       70       1
                bssCOMMON                            7B       7B        2       70       1

TOTAL           Name                               Link     Load   Length     Space
        CLASS   STACK          

        CLASS   CODE           
                end_init                              0        0        3         0
                cinit                               7FA      7FA        6         0
                text11                              744      744       2A         0
                text10                              698      698        9         0
                text9                               6A1      6A1        9         0
                text8                               704      704       20         0
                text7                               690      690        8         0
                text6                               6B8      6B8       14         0
                text5                               6CC      6CC       1C         0
                text4                               724      724       20         0
                text3                               6AA      6AA        E         0
                text2                               6E8      6E8       1C         0
                text1                               76E      76E       33         0
                maintext                            7A1      7A1       59         0

        CLASS   STRCODE        

        CLASS   STRING         

        CLASS   CONST          

        CLASS   ENTRY          

        CLASS   COMMON         
                cstackCOMMON                         70       70        B         1
                bssCOMMON                            7B       7B        2         1

        CLASS   BANK0          

        CLASS   BANK1          

        CLASS   BANK2          

        CLASS   BANK3          

        CLASS   RAM            

        CLASS   ABS1           
                abs_s1                               7E       7E        2         1

        CLASS   SFR0           

        CLASS   SFR1           

        CLASS   SFR2           

        CLASS   SFR3           

        CLASS   CONFIG         
                config                             2007     2007        2         4

        CLASS   IDLOC          

        CLASS   EEDATA         



SEGMENTS        Name                           Load    Length   Top    Selector   Space  Class     Delta

                reset_vec                      000000  000003  000003         0       0  CODE        2
                cstackCOMMON                   000070  00000D  00007D        70       1  COMMON      1
                text7                          000690  000008  000698       D20       0  CODE        2
                text10                         000698  000009  0006A1       D30       0  CODE        2
                text9                          0006A1  000009  0006AA       D42       0  CODE        2
                text3                          0006AA  00000E  0006B8       D54       0  CODE        2
                text6                          0006B8  000014  0006CC       D70       0  CODE        2
                text5                          0006CC  00001C  0006E8       D98       0  CODE        2
                text2                          0006E8  00001C  000704       DD0       0  CODE        2
                text8                          000704  000020  000724       E08       0  CODE        2
                text4                          000724  000020  000744       E48       0  CODE        2
                text11                         000744  00002A  00076E       E88       0  CODE        2
                text1                          00076E  000033  0007A1       EDC       0  CODE        2
                maintext                       0007A1  000059  0007FA       F42       0  CODE        2
                cinit                          0007FA  000006  000800       FF4       0  CODE        2


UNUSED ADDRESS RANGES

        Name                Unused          Largest block    Delta
        BANK0            0020-006F             50           1
        BANK1            00A0-00EF             50           1
        BANK2            0110-016F             60           1
        BANK3            0190-01EF             60           1
        CODE             0003-068F            68D           2
                         0800-1FFF            800
        COMMON           007D-007D              1           1
        CONST            0003-068F            100           2
                         0800-1FFF            100
        EEDATA           2100-21FF            100           2
        ENTRY            0003-068F            100           2
                         0800-1FFF            100
        IDLOC            2000-2003              4           2
        RAM              0020-006F             50           1
                         00A0-00EF             50
                         0110-016F             60
                         0190-01EF             60
        SFR0             0000-001F             20           1
        SFR1             0080-009F             20           1
        SFR2             0100-010F             10           1
        SFR3             0180-018F             10           1
        STACK            0110-016F             60           1
        STRCODE          0003-068F            68D           2
                         0800-1FFF           1800
        STRING           0003-068F            100           2
                         0800-1FFF            100

                                  Symbol Table

I2C_Init@mode                 cstackCOMMON 0070
I2C_Read@buffer               cstackCOMMON 0072
I2C_Read@mode                 cstackCOMMON 0071
I2C_RepeatedStart@address     cstackCOMMON 0071
I2C_Start@address             cstackCOMMON 0073
I2C_Write@data                cstackCOMMON 0070
MPU6050_SetRegister@reg       cstackCOMMON 0076
MPU6050_SetRegister@value     cstackCOMMON 0074
_ACKSTAT                      (abs)        048E
_I2C_Ack                      text10       0698
_I2C_Init                     text11       0744
_I2C_Nack                     text9        06A1
_I2C_Read                     text8        0704
_I2C_RepeatedStart            text5        06CC
_I2C_Start                    text4        0724
_I2C_Stop                     text3        06AA
_I2C_Wait                     text7        0690
_I2C_Write                    text6        06B8
_MPU6050_Init                 text1        076E
_MPU6050_SetRegister          text2        06E8
_SSPADD                       (abs)        0093
_SSPBUF                       (abs)        0013
_SSPCON2                      (abs)        0091
_SSPCON2bits                  (abs)        0091
_SSPCONbits                   (abs)        0014
_SSPIE                        (abs)        0463
_SSPIF                        (abs)        0063
_SSPSTAT                      (abs)        0094
_SSPSTATbits                  (abs)        0094
_TRISCbits                    (abs)        0087
__Habs1                       abs1         0000
__Hbank0                      bank0        0000
__Hbank1                      bank1        0000
__Hbank2                      bank2        0000
__Hbank3                      bank3        0000
__HbssCOMMON                  bssCOMMON    0000
__Hcinit                      cinit        0800
__Hclrtext                    clrtext      0000
__Hcode                       code         0000
__Hcommon                     common       0000
__Hconfig                     config       2009
__HcstackCOMMON               cstackCOMMON 0000
__Heeprom_data                eeprom_data  0000
__Hend_init                   end_init     0003
__Hfunctab                    functab      0000
__Hinit                       init         0000
__Hintentry                   intentry     0000
__Hmaintext                   maintext     0000
__Hpowerup                    powerup      0000
__Hram                        ram          0000
__Hreset_vec                  reset_vec    0000
__Hsfr0                       sfr0         0000
__Hsfr1                       sfr1         0000
__Hsfr2                       sfr2         0000
__Hsfr3                       sfr3         0000
__Hspace_0                    (abs)        0800
__Hspace_1                    (abs)        007D
__Hspace_2                    (abs)        0000
__Hspace_3                    (abs)        0000
__Hspace_4                    (abs)        4010
__Hstack                      stack        0000
__Hstrings                    strings      0000
__Htext                       text         0000
__Labs1                       abs1         0000
__Lbank0                      bank0        0000
__Lbank1                      bank1        0000
__Lbank2                      bank2        0000
__Lbank3                      bank3        0000
__LbssCOMMON                  bssCOMMON    0000
__Lcinit                      cinit        07FA
__Lclrtext                    clrtext      0000
__Lcode                       code         0000
__Lcommon                     common       0000
__Lconfig                     config       0000
__LcstackCOMMON               cstackCOMMON 0000
__Leeprom_data                eeprom_data  0000
__Lend_init                   end_init     0000
__Lfunctab                    functab      0000
__Linit                       init         0000
__Lintentry                   intentry     0000
__Lmaintext                   maintext     0000
__Lpowerup                    powerup      0000
__Lram                        ram          0000
__Lreset_vec                  reset_vec    0000
__Lsfr0                       sfr0         0000
__Lsfr1                       sfr1         0000
__Lsfr2                       sfr2         0000
__Lsfr3                       sfr3         0000
__Lspace_0                    (abs)        0000
__Lspace_1                    (abs)        0000
__Lspace_2                    (abs)        0000
__Lspace_3                    (abs)        0000
__Lspace_4                    (abs)        0000
__Lstack                      stack        0000
__Lstrings                    strings      0000
__Ltext                       text         0000
__S0                          (abs)        0800
__S1                          (abs)        007D
__S2                          (abs)        0000
__S3                          (abs)        0000
___int_sp                     stack        0000
___latbits                    (abs)        0002
___sp                         stack        0000
___stackhi                    (abs)        0000
___stacklo                    (abs)        0000
__end_of_I2C_Ack              text10       06A1
__end_of_I2C_Init             text11       076E
__end_of_I2C_Nack             text9        06AA
__end_of_I2C_Read             text8        0724
__end_of_I2C_RepeatedStart    text5        06E8
__end_of_I2C_Start            text4        0744
__end_of_I2C_Stop             text3        06B8
__end_of_I2C_Wait             text7        0698
__end_of_I2C_Write            text6        06CC
__end_of_MPU6050_Init         text1        07A1
__end_of_MPU6050_SetRegister  text2        0704
__end_of__initialization      cinit        07FC
__end_of_main                 maintext     07FA
__initialization              cinit        07FA
__pbssCOMMON                  bssCOMMON    007B
__pcstackCOMMON               cstackCOMMON 0070
__pmaintext                   maintext     07A1
__ptext1                      text1        076E
__ptext10                     text10       0698
__ptext11                     text11       0744
__ptext2                      text2        06E8
__ptext3                      text3        06AA
__ptext4                      text4        0724
__ptext5                      text5        06CC
__ptext6                      text6        06B8
__ptext7                      text7        0690
__ptext8                      text8        0704
__ptext9                      text9        06A1
__size_of_I2C_Ack             (abs)        0000
__size_of_I2C_Init            (abs)        0000
__size_of_I2C_Nack            (abs)        0000
__size_of_I2C_Read            (abs)        0000
__size_of_I2C_RepeatedStart   (abs)        0000
__size_of_I2C_Start           (abs)        0000
__size_of_I2C_Stop            (abs)        0000
__size_of_I2C_Wait            (abs)        0000
__size_of_I2C_Write           (abs)        0000
__size_of_MPU6050_Init        (abs)        0000
__size_of_MPU6050_SetRegister (abs)        0000
__size_of_main                (abs)        0000
_ackMode                      bssCOMMON    007B
_data                         bssCOMMON    007C
_main                         maintext     07A1
btemp                         (abs)        007E
end_of_initialization         cinit        07FC
intlevel0                     functab      0000
intlevel1                     functab      0000
intlevel2                     functab      0000
intlevel3                     functab      0000
intlevel4                     functab      0000
intlevel5                     functab      0000
reset_vec                     reset_vec    0000
start                         init         0000
start_initialization          cinit        07FA
wtemp0                        (abs)        007E


MODULE INFORMATION

Module		Function		Class		Link	Load	Size
shared
		__initialization		CODE           	07FA	0000	2

shared estimated size: 2

./i2c.h
		_I2C_RepeatedStart		CODE           	06CC	0000	28
		_I2C_Write     		CODE           	06B8	0000	20
		_I2C_Stop      		CODE           	06AA	0000	14
		_I2C_Wait      		CODE           	0690	0000	8
		_I2C_Read      		CODE           	0704	0000	32
		_I2C_Init      		CODE           	0744	0000	42
		_I2C_Ack       		CODE           	0698	0000	9
		_I2C_Nack      		CODE           	06A1	0000	9
		_I2C_Start     		CODE           	0724	0000	32

./i2c.h estimated size: 194

main.c
		_main          		CODE           	07A1	0000	89
		_MPU6050_Init  		CODE           	076E	0000	51
		_MPU6050_SetRegister		CODE           	06E8	0000	28

main.c estimated size: 168

