Microchip MPLAB XC8 Compiler V2.32

Linker command line:

-W-3 --edf=C:\Program Files\Microchip\xc8\v2.32\pic\dat\en_msgs.txt -cn \
  -h+dist/default/production\MPU6050Sample.X.production.sym \
  --cmf=dist/default/production\MPU6050Sample.X.production.cmf -z -Q16F887 \
  -oC:\Users\Yeifer\AppData\Local\Temp\xcAsbic.4 --defsym=__MPLAB_BUILD=1 \
  -Mdist/default/production/MPU6050Sample.X.production.map -E1 \
  -ver=XC8 Compiler --acfsm=1493 -ASTACK=0110h-016Fh -pstack=STACK \
  -ACODE=00h-07FFhx4 -ASTRCODE=00h-01FFFh -ASTRING=00h-0FFhx32 \
  -ACONST=00h-0FFhx32 -AENTRY=00h-0FFhx32 -ACOMMON=070h-07Fh \
  -ABANK0=020h-06Fh -ABANK1=0A0h-0EFh -ABANK2=0110h-016Fh \
  -ABANK3=0190h-01EFh -ARAM=020h-06Fh,0A0h-0EFh,0110h-016Fh,0190h-01EFh \
  -AABS1=020h-07Fh,0A0h-0EFh,0110h-016Fh,0190h-01EFh -ASFR0=00h-01Fh \
  -ASFR1=080h-09Fh -ASFR2=0100h-010Fh -ASFR3=0180h-018Fh \
  -ACONFIG=02007h-02008h -DCONFIG=2 -AIDLOC=02000h-02003h -DIDLOC=2 \
  -AEEDATA=00h-0FFh/02100h -peeprom_data=EEDATA -DEEDATA=2 -DCODE=2 \
  -DSTRCODE=2 -DSTRING=2 -DCONST=2 -DENTRY=2 \
  -preset_vec=00h,intentry,init,end_init -ppowerup=CODE -pcinit=CODE \
  -pfunctab=ENTRY -k C:\Users\Yeifer\AppData\Local\Temp\xcAsbic.o \
  dist/default/production\MPU6050Sample.X.production.o 

Object code version is 3.11

Machine type is 16F887



                Name                               Link     Load   Length Selector   Space Scale
C:\Users\Yeifer\AppData\Local\Temp\xcAsbic.o
                end_init                              0        0        3        0       0
                config                             2007     2007        2        0       4
dist/default/production\MPU6050Sample.X.production.o
                cinit                               7F8      7F8        8      FF0       0
                config                             2007     2007        2        0       4
                text24                              F07      F07       2A     1E0E       0
                text23                              E36      E36        9     1C6C       0
                text22                              E3F      E3F        9     1C7E       0
                text21                              E9E      E9E       20     1D3C       0
                text20                              E2E      E2E        8     1C5C       0
                text19                              E56      E56       14     1CAC       0
                text18                              E6A      E6A       1A     1CD4       0
                text17                              E84      E84       1A     1D08       0
                text16                              E48      E48        E     1C90       0
                text15                              EBE      EBE       20     1D7C       0
                text14                              228      228       AB      450       0
                text13                              38D      38D      1E3      71A       0
                text12                              2D3      2D3       BA      5A6       0
                text11                               4E       4E       5A       9C       0
                text10                               A8       A8       5A      150       0
                text9                               102      102       5A      204       0
                text8                               15C      15C       5A      2B8       0
                text7                               FC4      FC4       3C     1F88       0
                text6                               F31      F31       30     1E62       0
                text5                               F61      F61       30     1EC2       0
                text4                               570      570      288      AE0       0
                text3                                 7        7       47        E       0
                text2                               EDE      EDE       29     1DBC       0
                text1                               F91      F91       33     1F22       0
                maintext                            1B6      1B6       72      36C       0
                cstackBANK0                          20       20       44       20       1
                cstackCOMMON                         70       70        E       70       1
                bssBANK0                             64       64        2       20       1

TOTAL           Name                               Link     Load   Length     Space
        CLASS   STACK          

        CLASS   CODE           
                end_init                              0        0        3         0
                cinit                               7F8      7F8        8         0
                text24                              F07      F07       2A         0
                text23                              E36      E36        9         0
                text22                              E3F      E3F        9         0
                text21                              E9E      E9E       20         0
                text20                              E2E      E2E        8         0
                text19                              E56      E56       14         0
                text18                              E6A      E6A       1A         0
                text17                              E84      E84       1A         0
                text16                              E48      E48        E         0
                text15                              EBE      EBE       20         0
                text14                              228      228       AB         0
                text13                              38D      38D      1E3         0
                text12                              2D3      2D3       BA         0
                text11                               4E       4E       5A         0
                text10                               A8       A8       5A         0
                text9                               102      102       5A         0
                text8                               15C      15C       5A         0
                text7                               FC4      FC4       3C         0
                text6                               F31      F31       30         0
                text5                               F61      F61       30         0
                text4                               570      570      288         0
                text3                                 7        7       47         0
                text2                               EDE      EDE       29         0
                text1                               F91      F91       33         0
                maintext                            1B6      1B6       72         0

        CLASS   STRCODE        

        CLASS   STRING         

        CLASS   CONST          

        CLASS   ENTRY          

        CLASS   COMMON         
                cstackCOMMON                         70       70        E         1

        CLASS   BANK0          
                cstackBANK0                          20       20       44         1
                bssBANK0                             64       64        2         1

        CLASS   BANK1          

        CLASS   BANK2          

        CLASS   BANK3          

        CLASS   RAM            

        CLASS   ABS1           
                abs_s1                               7E       7E        2         1

        CLASS   SFR0           

        CLASS   SFR1           

        CLASS   SFR2           

        CLASS   SFR3           

        CLASS   CONFIG         
                config                             2007     2007        2         4

        CLASS   IDLOC          

        CLASS   EEDATA         



SEGMENTS        Name                           Load    Length   Top    Selector   Space  Class     Delta

                reset_vec                      000000  000003  000003         0       0  CODE        2
                text3                          000007  000047  00004E         E       0  CODE        2
                cstackBANK0                    000020  000046  000066        20       1  BANK0       1
                cstackCOMMON                   000070  00000E  00007E        70       1  COMMON      1
                text11                         00004E  00005A  0000A8        9C       0  CODE        2
                text10                         0000A8  00005A  000102       150       0  CODE        2
                text9                          000102  00005A  00015C       204       0  CODE        2
                text8                          00015C  00005A  0001B6       2B8       0  CODE        2
                maintext                       0001B6  000072  000228       36C       0  CODE        2
                text14                         000228  0000AB  0002D3       450       0  CODE        2
                text12                         0002D3  0000BA  00038D       5A6       0  CODE        2
                text13                         00038D  0001E3  000570       71A       0  CODE        2
                text4                          000570  000288  0007F8       AE0       0  CODE        2
                cinit                          0007F8  000008  000800       FF0       0  CODE        2
                text20                         000E2E  000008  000E36      1C5C       0  CODE        2
                text23                         000E36  000009  000E3F      1C6C       0  CODE        2
                text22                         000E3F  000009  000E48      1C7E       0  CODE        2
                text16                         000E48  00000E  000E56      1C90       0  CODE        2
                text19                         000E56  000014  000E6A      1CAC       0  CODE        2
                text18                         000E6A  00001A  000E84      1CD4       0  CODE        2
                text17                         000E84  00001A  000E9E      1D08       0  CODE        2
                text21                         000E9E  000020  000EBE      1D3C       0  CODE        2
                text15                         000EBE  000020  000EDE      1D7C       0  CODE        2
                text2                          000EDE  000029  000F07      1DBC       0  CODE        2
                text24                         000F07  00002A  000F31      1E0E       0  CODE        2
                text6                          000F31  000030  000F61      1E62       0  CODE        2
                text5                          000F61  000030  000F91      1EC2       0  CODE        2
                text1                          000F91  000033  000FC4      1F22       0  CODE        2
                text7                          000FC4  00003C  001000      1F88       0  CODE        2


UNUSED ADDRESS RANGES

        Name                Unused          Largest block    Delta
        BANK0            0066-006F              A           1
        BANK1            00A0-00EF             50           1
        BANK2            0110-016F             60           1
        BANK3            0190-01EF             60           1
        CODE             0003-0006              4           2
                         0800-0E2D            62E
                         1000-1FFF            800
        CONST            0003-0006              4           2
                         0800-0E2D            100
                         1000-1FFF            100
        EEDATA           2100-21FF            100           2
        ENTRY            0003-0006              4           2
                         0800-0E2D            100
                         1000-1FFF            100
        IDLOC            2000-2003              4           2
        RAM              0066-006F              A           1
                         00A0-00EF             50
                         0110-016F             60
                         0190-01EF             60
        SFR0             0000-001F             20           1
        SFR1             0080-009F             20           1
        SFR2             0100-010F             10           1
        SFR3             0180-018F             10           1
        STACK            0110-016F             60           1
        STRCODE          0003-0006              4           2
                         0800-0E2D            62E
                         1000-1FFF           1000
        STRING           0003-0006              4           2
                         0800-0E2D            100
                         1000-1FFF            100

                                  Symbol Table

?_MPU6050_Get16BitRegister         cstackBANK0  0023
?_MPU6050_GetAccelX                cstackBANK0  002D
?_MPU6050_GetAccelY                cstackBANK0  002D
?_MPU6050_GetAccelZ                cstackBANK0  002D
?_MPU6050_GetGyroX                 cstackBANK0  002D
?_MPU6050_GetGyroY                 cstackBANK0  002D
?_MPU6050_GetGyroZ                 cstackBANK0  002D
?_MPU6050_GetTemp                  cstackBANK0  0041
?___fladd                          cstackBANK0  002D
?___fldiv                          cstackCOMMON 0070
?___xxtofl                         cstackCOMMON 0070
I2C_Init@mode                      cstackCOMMON 0070
I2C_Read@buffer                    cstackCOMMON 0072
I2C_Read@mode                      cstackCOMMON 0071
I2C_RepeatedStart@address          cstackCOMMON 0071
I2C_Start@address                  cstackCOMMON 0071
I2C_Write@data                     cstackCOMMON 0070
MPU6050_Get16BitRegister@reg       cstackBANK0  002B
MPU6050_GetAccelX@raw_value        cstackBANK0  0035
MPU6050_GetAccelY@raw_value        cstackBANK0  0035
MPU6050_GetAccelZ@raw_value        cstackBANK0  0035
MPU6050_GetGyroX@raw_value         cstackBANK0  0035
MPU6050_GetGyroY@raw_value         cstackBANK0  0031
MPU6050_GetGyroZ@raw_value         cstackBANK0  0031
MPU6050_GetTemp@raw_value          cstackBANK0  0045
MPU6050_ReadRegister@ackMode       cstackBANK0  0022
MPU6050_ReadRegister@buffer        cstackCOMMON 0079
MPU6050_ReadRegister@buffer_length cstackCOMMON 007A
MPU6050_ReadRegister@index         cstackBANK0  0021
MPU6050_ReadRegister@num_bytes     cstackCOMMON 0077
MPU6050_ReadRegister@reg           cstackBANK0  0020
MPU6050_SetRegister@ackMode        cstackCOMMON 0075
MPU6050_SetRegister@reg            cstackCOMMON 0074
MPU6050_SetRegister@value          cstackCOMMON 0072
_ACKSTAT                           (abs)        048E
_I2C_Ack                           text23       0E36
_I2C_Init                          text24       0F07
_I2C_Nack                          text22       0E3F
_I2C_Read                          text21       0E9E
_I2C_RepeatedStart                 text18       0E6A
_I2C_Start                         text17       0E84
_I2C_Stop                          text16       0E48
_I2C_Wait                          text20       0E2E
_I2C_Write                         text19       0E56
_MPU6050_Get16BitRegister          text7        0FC4
_MPU6050_GetAccelX                 text11       004E
_MPU6050_GetAccelY                 text10       00A8
_MPU6050_GetAccelZ                 text9        0102
_MPU6050_GetGyroX                  text8        015C
_MPU6050_GetGyroY                  text6        0F31
_MPU6050_GetGyroZ                  text5        0F61
_MPU6050_GetTemp                   text3        0007
_MPU6050_Init                      text1        0F91
_MPU6050_ReadRegister              text14       0228
_MPU6050_SetRegister               text2        0EDE
_SSPADD                            (abs)        0093
_SSPBUF                            (abs)        0013
_SSPCON2                           (abs)        0091
_SSPCON2bits                       (abs)        0091
_SSPCONbits                        (abs)        0014
_SSPIE                             (abs)        0463
_SSPIF                             (abs)        0063
_SSPSTAT                           (abs)        0094
_SSPSTATbits                       (abs)        0094
_TRISCbits                         (abs)        0087
__Habs1                            abs1         0000
__Hbank0                           bank0        0000
__Hbank1                           bank1        0000
__Hbank2                           bank2        0000
__Hbank3                           bank3        0000
__HbssBANK0                        bssBANK0     0000
__Hcinit                           cinit        0800
__Hclrtext                         clrtext      0000
__Hcode                            code         0000
__Hcommon                          common       0000
__Hconfig                          config       2009
__HcstackBANK0                     cstackBANK0  0000
__HcstackCOMMON                    cstackCOMMON 0000
__Heeprom_data                     eeprom_data  0000
__Hend_init                        end_init     0003
__Hfunctab                         functab      0000
__Hinit                            init         0000
__Hintentry                        intentry     0000
__Hmaintext                        maintext     0000
__Hpowerup                         powerup      0000
__Hram                             ram          0000
__Hreset_vec                       reset_vec    0000
__Hsfr0                            sfr0         0000
__Hsfr1                            sfr1         0000
__Hsfr2                            sfr2         0000
__Hsfr3                            sfr3         0000
__Hspace_0                         (abs)        1000
__Hspace_1                         (abs)        007E
__Hspace_2                         (abs)        0000
__Hspace_3                         (abs)        0000
__Hspace_4                         (abs)        4010
__Hstack                           stack        0000
__Hstrings                         strings      0000
__Htext                            text         0000
__Labs1                            abs1         0000
__Lbank0                           bank0        0000
__Lbank1                           bank1        0000
__Lbank2                           bank2        0000
__Lbank3                           bank3        0000
__LbssBANK0                        bssBANK0     0000
__Lcinit                           cinit        07F8
__Lclrtext                         clrtext      0000
__Lcode                            code         0000
__Lcommon                          common       0000
__Lconfig                          config       0000
__LcstackBANK0                     cstackBANK0  0000
__LcstackCOMMON                    cstackCOMMON 0000
__Leeprom_data                     eeprom_data  0000
__Lend_init                        end_init     0000
__Lfunctab                         functab      0000
__Linit                            init         0000
__Lintentry                        intentry     0000
__Lmaintext                        maintext     0000
__Lpowerup                         powerup      0000
__Lram                             ram          0000
__Lreset_vec                       reset_vec    0000
__Lsfr0                            sfr0         0000
__Lsfr1                            sfr1         0000
__Lsfr2                            sfr2         0000
__Lsfr3                            sfr3         0000
__Lspace_0                         (abs)        0000
__Lspace_1                         (abs)        0000
__Lspace_2                         (abs)        0000
__Lspace_3                         (abs)        0000
__Lspace_4                         (abs)        0000
__Lstack                           stack        0000
__Lstrings                         strings      0000
__Ltext                            text         0000
__S0                               (abs)        1000
__S1                               (abs)        007E
__S2                               (abs)        0000
__S3                               (abs)        0000
___fladd                           text4        0570
___fladd@a                         cstackBANK0  0031
___fladd@aexp                      cstackBANK0  003E
___fladd@b                         cstackBANK0  002D
___fladd@bexp                      cstackBANK0  003F
___fladd@grs                       cstackBANK0  0040
___fladd@signs                     cstackBANK0  003D
___fldiv                           text13       038D
___fldiv@a                         cstackCOMMON 0070
___fldiv@aexp                      cstackBANK0  002C
___fldiv@b                         cstackCOMMON 0074
___fldiv@bexp                      cstackBANK0  002B
___fldiv@grs                       cstackBANK0  0027
___fldiv@new_exp                   cstackBANK0  0025
___fldiv@rem                       cstackBANK0  0020
___fldiv@sign                      cstackBANK0  0024
___int_sp                          stack        0000
___latbits                         (abs)        0002
___sp                              stack        0000
___stackhi                         (abs)        0000
___stacklo                         (abs)        0000
___xxtofl                          text12       02D3
___xxtofl@arg                      cstackCOMMON 007A
___xxtofl@exp                      cstackCOMMON 0079
___xxtofl@sign                     cstackCOMMON 0078
___xxtofl@val                      cstackCOMMON 0070
__end_of_I2C_Ack                   text23       0E3F
__end_of_I2C_Init                  text24       0F31
__end_of_I2C_Nack                  text22       0E48
__end_of_I2C_Read                  text21       0EBE
__end_of_I2C_RepeatedStart         text18       0E84
__end_of_I2C_Start                 text17       0E9E
__end_of_I2C_Stop                  text16       0E56
__end_of_I2C_Wait                  text20       0E36
__end_of_I2C_Write                 text19       0E6A
__end_of_MPU6050_Get16BitRegister  text7        1000
__end_of_MPU6050_GetAccelX         text11       00A8
__end_of_MPU6050_GetAccelY         text10       0102
__end_of_MPU6050_GetAccelZ         text9        015C
__end_of_MPU6050_GetGyroX          text8        01B6
__end_of_MPU6050_GetGyroY          text6        0F61
__end_of_MPU6050_GetGyroZ          text5        0F91
__end_of_MPU6050_GetTemp           text3        004E
__end_of_MPU6050_Init              text1        0FC4
__end_of_MPU6050_ReadRegister      text14       02D3
__end_of_MPU6050_SetRegister       text2        0F07
__end_of___fladd                   text4        07F8
__end_of___fldiv                   text13       0570
__end_of___xxtofl                  text12       038D
__end_of__initialization           cinit        07FC
__end_of_main                      maintext     0228
__end_of_memset                    text15       0EDE
__initialization                   cinit        07F8
__pbssBANK0                        bssBANK0     0064
__pcstackBANK0                     cstackBANK0  0020
__pcstackCOMMON                    cstackCOMMON 0070
__pmaintext                        maintext     01B6
__ptext1                           text1        0F91
__ptext10                          text10       00A8
__ptext11                          text11       004E
__ptext12                          text12       02D3
__ptext13                          text13       038D
__ptext14                          text14       0228
__ptext15                          text15       0EBE
__ptext16                          text16       0E48
__ptext17                          text17       0E84
__ptext18                          text18       0E6A
__ptext19                          text19       0E56
__ptext2                           text2        0EDE
__ptext20                          text20       0E2E
__ptext21                          text21       0E9E
__ptext22                          text22       0E3F
__ptext23                          text23       0E36
__ptext24                          text24       0F07
__ptext3                           text3        0007
__ptext4                           text4        0570
__ptext5                           text5        0F61
__ptext6                           text6        0F31
__ptext7                           text7        0FC4
__ptext8                           text8        015C
__ptext9                           text9        0102
__size_of_I2C_Ack                  (abs)        0000
__size_of_I2C_Init                 (abs)        0000
__size_of_I2C_Nack                 (abs)        0000
__size_of_I2C_Read                 (abs)        0000
__size_of_I2C_RepeatedStart        (abs)        0000
__size_of_I2C_Start                (abs)        0000
__size_of_I2C_Stop                 (abs)        0000
__size_of_I2C_Wait                 (abs)        0000
__size_of_I2C_Write                (abs)        0000
__size_of_MPU6050_Get16BitRegister (abs)        0000
__size_of_MPU6050_GetAccelX        (abs)        0000
__size_of_MPU6050_GetAccelY        (abs)        0000
__size_of_MPU6050_GetAccelZ        (abs)        0000
__size_of_MPU6050_GetGyroX         (abs)        0000
__size_of_MPU6050_GetGyroY         (abs)        0000
__size_of_MPU6050_GetGyroZ         (abs)        0000
__size_of_MPU6050_GetTemp          (abs)        0000
__size_of_MPU6050_Init             (abs)        0000
__size_of_MPU6050_ReadRegister     (abs)        0000
__size_of_MPU6050_SetRegister      (abs)        0000
__size_of___fladd                  (abs)        0000
__size_of___fldiv                  (abs)        0000
__size_of___xxtofl                 (abs)        0000
__size_of_main                     (abs)        0000
__size_of_memset                   (abs)        0000
_buffer                            bssBANK0     0064
_main                              maintext     01B6
_memset                            text15       0EBE
btemp                              (abs)        007E
end_of_initialization              cinit        07FC
intlevel0                          functab      0000
intlevel1                          functab      0000
intlevel2                          functab      0000
intlevel3                          functab      0000
intlevel4                          functab      0000
intlevel5                          functab      0000
main@accelY                        cstackBANK0  004C
main@accelZ                        cstackBANK0  0050
main@gyroX                         cstackBANK0  0058
main@gyroY                         cstackBANK0  005C
main@gyroZ                         cstackBANK0  0060
main@temp                          cstackBANK0  0054
memset@c                           cstackCOMMON 0070
memset@n                           cstackCOMMON 0072
memset@p                           cstackCOMMON 0076
memset@p1                          cstackCOMMON 0075
reset_vec                          reset_vec    0000
start                              init         0000
start_initialization               cinit        07F8
wtemp0                             (abs)        007E


MODULE INFORMATION

Module		Function		Class		Link	Load	Size
./MPU6050.h
		_MPU6050_Get16BitRegister		CODE           	0FC4	0000	60
		_MPU6050_ReadRegister		CODE           	0228	0000	171
		_MPU6050_GetAccelX		CODE           	004E	0000	90
		_MPU6050_GetGyroX		CODE           	015C	0000	90
		_MPU6050_GetAccelY		CODE           	00A8	0000	90
		_MPU6050_GetGyroY		CODE           	0F31	0000	48
		_MPU6050_Init  		CODE           	0F91	0000	51
		_MPU6050_GetGyroZ		CODE           	0F61	0000	48
		_MPU6050_GetAccelZ		CODE           	0102	0000	90
		_MPU6050_SetRegister		CODE           	0EDE	0000	41
		_MPU6050_GetTemp		CODE           	0007	0000	71

./MPU6050.h estimated size: 850

C:\Program Files\Microchip\xc8\v2.32\pic\sources\c90\common\sprcadd.c
		___fladd       		CODE           	0570	0000	648

C:\Program Files\Microchip\xc8\v2.32\pic\sources\c90\common\sprcadd.c estimated size: 648

C:\Program Files\Microchip\xc8\v2.32\pic\sources\c90\common\xxtofl.c
		___xxtofl      		CODE           	02D3	0000	186

C:\Program Files\Microchip\xc8\v2.32\pic\sources\c90\common\xxtofl.c estimated size: 186

C:\Program Files\Microchip\xc8\v2.32\pic\sources\c90\common\memset.c
		_memset        		CODE           	0EBE	0000	32

C:\Program Files\Microchip\xc8\v2.32\pic\sources\c90\common\memset.c estimated size: 32

shared
		__initialization		CODE           	07F8	0000	4

shared estimated size: 4

C:\Program Files\Microchip\xc8\v2.32\pic\sources\c90\common\sprcdiv.c
		___fldiv       		CODE           	038D	0000	483

C:\Program Files\Microchip\xc8\v2.32\pic\sources\c90\common\sprcdiv.c estimated size: 483

./i2c.h
		_I2C_RepeatedStart		CODE           	0E6A	0000	26
		_I2C_Write     		CODE           	0E56	0000	20
		_I2C_Stop      		CODE           	0E48	0000	14
		_I2C_Wait      		CODE           	0E2E	0000	8
		_I2C_Read      		CODE           	0E9E	0000	32
		_I2C_Init      		CODE           	0F07	0000	42
		_I2C_Ack       		CODE           	0E36	0000	9
		_I2C_Nack      		CODE           	0E3F	0000	9
		_I2C_Start     		CODE           	0E84	0000	26

./i2c.h estimated size: 186

main.c
		_main          		CODE           	01B6	0000	114

main.c estimated size: 114

